// Jest Snapshot v1, https://goo.gl/fbAQLP

exports[`highlight filter bar tests renders filters with selections 1`] = `
<div>
  <div
    style="flex-direction: row; padding: 10px;"
  >
    <button
      data-testid="red"
      style="width: 50px; height: 32px; margin: 5px; background-color: red; border: 3px solid black;"
    />
    <button
      data-testid="yellow"
      style="width: 50px; height: 32px; margin: 5px; background-color: yellow; border: 3px solid blue;"
    />
    <button
      data-testid="green"
      style="width: 50px; height: 32px; margin: 5px; background-color: green; border: 3px solid black;"
    />
  </div>
</div>
`;
