// Jest Snapshot v1, https://goo.gl/fbAQLP

exports[`highlight selector bar tests attempts to change selected color on option selected 1`] = `
<div>
  <div
    style="flex-direction: row; padding: 10px;"
  >
    <button
      data-testid="red"
      style="width: 50px; height: 32px; margin: 5px; background-color: red; border: 3px solid blue;"
    />
    <button
      data-testid="yellow"
      style="width: 50px; height: 32px; margin: 5px; background-color: yellow; border: 3px solid black;"
    />
    <button
      data-testid="green"
      style="width: 50px; height: 32px; margin: 5px; background-color: green; border: 3px solid black;"
    />
    <button
      data-testid="clearHighlightsBtn"
      style="width: 50px; height: 32px; margin: 5px;"
      title="clear"
      type="button"
    >
      Clear
    </button>
  </div>
</div>
`;

exports[`highlight selector bar tests attempts to clear highlights 1`] = `
<div>
  <div
    style="flex-direction: row; padding: 10px;"
  >
    <button
      data-testid="red"
      style="width: 50px; height: 32px; margin: 5px; background-color: red; border: 3px solid blue;"
    />
    <button
      data-testid="yellow"
      style="width: 50px; height: 32px; margin: 5px; background-color: yellow; border: 3px solid black;"
    />
    <button
      data-testid="green"
      style="width: 50px; height: 32px; margin: 5px; background-color: green; border: 3px solid black;"
    />
    <button
      data-testid="clearHighlightsBtn"
      style="width: 50px; height: 32px; margin: 5px;"
      title="clear"
      type="button"
    >
      Clear
    </button>
  </div>
</div>
`;
